(((((((((-1*x+0)*x+0)*x+0)*x+1)*x-3)*x-3)*x+5)*x-8)*x+1)*x-6
