((((((((((((((((((((((((((((((((((((((((((((((3*x+0)*x-5)*x+2)*x+0)*x+0)*x+0)*x+0)*x+0)*x+0)*x+0)*x+0)*x+0)*x+0)*x-1)*x+1)*x+4)*x-4)*x+0)*x+0)*x+0)*x-4)*x-2)*x+0)*x+0)*x+0)*x+0)*x+0)*x+0)*x+2)*x-3)*x+3)*x+0)*x-5)*x+0)*x+0)*x+0)*x+0)*x+0)*x+2)*x-1)*x+1)*x-6)*x+0)*x+3)*x+0)*x+0)*x+0
