(((((((((((((((((((((((((((((((((((((((((((((((((-7*x+0)*x-2)*x+0)*x-4)*x+0)*x+0)*x+9)*x-3)*x+0)*x+0)*x-4)*x+0)*x+5)*x+0)*x+0)*x+2)*x-2)*x+1)*x+0)*x+1)*x+0)*x+0)*x+4)*x+0)*x-3)*x+0)*x+0)*x+0)*x-1)*x+0)*x+8)*x+1)*x-2)*x+0)*x+0)*x+3)*x+0)*x+1)*x-1)*x+2)*x+0)*x-7)*x+0)*x+0)*x+0)*x-1)*x+0)*x+0)*x-3)*x+1
