(((((((((((((((((((((((((((((((((((((((((((((((((8*x-8)*x-17)*x+13)*x-20)*x-5)*x-8)*x+3)*x-1)*x-19)*x+1)*x-1)*x-3)*x-24)*x+1)*x-9)*x-5)*x-3)*x+6)*x-7)*x-25)*x-9)*x-21)*x-15)*x+4)*x+2)*x-14)*x+0)*x+8)*x-12)*x-13)*x-24)*x+6)*x-12)*x-34)*x-4)*x-5)*x-4)*x-9)*x-16)*x+19)*x-7)*x-11)*x+1)*x-2)*x-17)*x-19)*x+15)*x-27)*x+21)*x-17
