Treh#q#ecw#heoegutooimemroieounto#aerv##sghdCimeess#r#uhn#msoiluclidi##lmieoineswauunnp#er#h#tlecr#s#aiuitaei#et#cnoarsm##hthinn##e#
