Pece##oeuurh#iasmwnenaybelta#tnicsrnsrttatvtiac#uthlse#cnewcee##r#sc#itr#cos##httu#fofe#i#hhraun###soa#ennsti##ftt#ddthn#t##ho#aiet#hsdefhmt#e#
