202020*2020=808080+6464640+12929280+25858560+51717120+103434240+206868480=408080400
