1000*5603=1000+2000+32000+64000+128000+256000+1024000+4096000=5603000
