11111*11111=11111+22222+44444+355552+711104+2844416+5688832+22755328+91021312=123454321
