10201*96875=10201+20402+81608+326432+652864+5222912+20891648+41783296+83566592+167133184+668532736=988221875
