22,27,23,26,28,13,16,25,12,15,17,24,33,49,14,21,29,32,34,45,48,11,18,31,35,47,10,19,30,40,37,41,2,42,7,43,50,3,6,38,44,1,5,39,8,4,9,36,20,46
