80,20,62,70,72,82,1,8,18,69,71,73,83,98,100,2,7,16,23,26,27,30,31,32,38,43,61,75,90,92,6,9,19,25,29,36,44,68,84,91,96,99,10,21,24,28,35,40,59,88,5,13,22,51,52,55,56,93,95,33,42,97,12,94,86,74,79,63,81,45,67,87,17,46,64,3,37,53,89,60,76,15,47,54,4,14,41,77,85,65,50,78,66,39,48,57,11,58,34,49
