25,30,47,1,19,20,21,22,23,33,39,46,48,2,6,17,18,32,35,38,45,53,56,3,5,9,16,24,37,44,49,4,7,11,15,34,50,55,58,61,64,8,10,12,14,40,51,13,41,57,60,63,42,26,52,65,27,29,31,36,54,28,59,62,43
