9,13,8,10,12,14,30,1,7,11,15,17,21,25,28,29,2,6,16,18,20,24,26,3,5,19,23,27,4,22
