13,1,6,12,16,21,26,31,32,2,4,5,11,15,25,30,3,7,22,24,29,38,28,36,9,10,14,18,23,33,27,17,8,34,20,40,39,19,37,35
