96,95,88,85,82,77,75,75,73,66,66,66,65,65,57,56,55,55,55,55,48,45,45,45,35,35,33,33,32,28,22,22,19,18,12,12,9,9,8,8,8,8,7,7,5,5,4,4,4,4,3,2,2,2,2,1,1,1,1
