[0,35),[37,111),[113,125),[127,135),[137,148),[149,184),[186,204),[205,276),[280,298),[299,366),[368,377),[378,405),[406,441),[442,469),[470,511),[513,560),[563,587),[590,606),[609,624),[627,633),[634,644),[645,656),[658,684),[685,687),[688,735),[738,757),[759,769),[770,774),[775,818),[821,868),[870,904),[906,911),[912,921),[922,997),[999,1004)
