[0,419),[424,523),[525,750),[751,761),[763,1018),[1019,1089),[1091,1112),[1114,1401),[1402,1505)
