[1,1076),[1078,1281),[1283,1464),[1465,1883),[1884,2886),[2887,3009)
