1510729773: 1011010000010111110100000101101
1510774829: 1011010000011001001100000101101
1510856749: 1011010000011011101100000101101
1510914093: 1011010000011101011100000101101
1510996013: 1011010000011111111100000101101
1511031853: 1011010000100001000010000101101
1511113773: 1011010000100011100010000101101
1511171117: 1011010000100101010010000101101
1511253037: 1011010000100111110010000101101
1511298093: 1011010000101001001010000101101
1511380013: 1011010000101011101010000101101
1511437357: 1011010000101101011010000101101
1511519277: 1011010000101111111010000101101
1511558189: 1011010000110001000110000101101
1511640109: 1011010000110011100110000101101
1511697453: 1011010000110101010110000101101
1511779373: 1011010000110111110110000101101
