511: 111111111
1057: 10000100001
1137: 10001110001
1193: 10010101001
1273: 10011111001
1317: 10100100101
1397: 10101110101
1453: 10110101101
