a:1
d:2
e:1
g:1
i:1
j:1
k:1
l:1
o:1
p:1
q:1
r:1
u:1
