a:2
d:2
e:128
f:2
h:3
i:3
j:5
k:9
n:85
q:1
r:40
s:1
u:38
w:1
y:1
