2+204
6+200
7+199
20+186
23+183
27+179
36+170
40+166
41+165
46+160
47+159
50+156
54+152
58+148
75+131
91+115
