1+172
25+148
41+132
43+130
46+127
53+120
65+108
83+90
