4,1,3,2,5,3,8,9,2,2,0,6,8,5,4,0,1,9,7,1,9,4,7,0,0,2,8,7,3,2,1,3,5,6,2,3,9,2,6,-1,4,5,8,3,2,4,8,3,0,2,6,27,2,4,2,2,2,0,9,7,4,5,7,0,0,1,5,9,4,9,3,8,6,3,3,9,7,1,4,9,9,1,9,3,7,3,5,9,5,4,8,0,4,6,2,9,9,9,1,5
