f(97)=f(f(108))=f(98)=f(f(109))=f(99)=f(f(110))=f(100)=f(f(111))=f(101)=91
