753263=1*2^19 + 0*2^18 + 1*2^17 + 1*2^16 + 0*2^15 + 1*2^14 + 1*2^13 + 1*2^12 + 1*2^11 + 1*2^10 + 1*2^9 + 0*2^8 + 0*2^7 + 1*2^6 + 1*2^5 + 0*2^4 + 1*2^3 + 1*2^2 + 1*2^1 + 1*2^0
