101010=1*2^16 + 1*2^15 + 0*2^14 + 0*2^13 + 0*2^12 + 1*2^11 + 0*2^10 + 1*2^9 + 0*2^8 + 1*2^7 + 0*2^6 + 0*2^5 + 1*2^4 + 0*2^3 + 0*2^2 + 1*2^1 + 0*2^0
