00100100
00100110
00110100
00110110
01100100
01100110
