001001
001010
001011
001100
001101
010010
010011
010100
010101
010110
011001
011010
011011
100100
100101
100110
101001
101010
101011
101100
101101
110010
110011
110100
110101
110110
