0100110011001
0110010011001
0110011001001
0110011001100
0110011001101
0110011011001
0110110011001
1100110011001
