00100110010101010010
00100110010101010110
00100110100101010010
00100110100101010110
00100110110101010010
00100110110101010110
00110110010101010010
00110110010101010110
00110110100101010010
00110110100101010110
00110110110101010010
00110110110101010110
10010110010101010010
10010110010101010110
10010110100101010010
10010110100101010110
10010110110101010010
10010110110101010110
10100110010101010010
10100110010101010110
10100110100101010010
10100110100101010110
10100110110101010010
10100110110101010110
10110110010101010010
10110110010101010110
10110110100101010010
10110110100101010110
10110110110101010010
10110110110101010110
