0000000000
0000111000
0000111110
0000011000
0000000000
1111100000
0000000000
0000000000
0000000000
0000011000
