132113213221133112132123222114132113213221133112132123222112
