1113122113121113222123211211131211121332211211131221131211132221232112111312111213322119
