132113213221133112132123123112111311222112132113311213211231232112311311222112111312211311123113322112132113212231121113112221121321132122211322212221121123222112132113213221133112132123123112111311222112132113311213211231232112311311222112111312211311123113322112132113212231121113112221121321132122211322212221121123222117
