424242=4*10^5 + 2*10^4 + 4*10^3 + 2*10^2 + 4*10^1 + 2*10^0
