1 1 1 2 2 4 12
0 0 1 0 2 8
0 1 1 2 6
1 0 1 4
1 1 3
0 2
2
