873-218=999-((999-873)+218)=999-(126+218)=999-344=655
