897564-452119=999999-((999999-897564)+452119)=999999-(102435+452119)=999999-554554=445445
