45875-12210=99999-((99999-45875)+12210)=99999-(54124+12210)=99999-66334=33665
