397852-102030=999999-((999999-397852)+102030)=999999-(602147+102030)=999999-704177=295822
