1511
1523
1559
1583
1597
1601
1619
1657
1669
1723
1733
1741
1753
1789
1811
1831
1847
1867
1879
1901
1913
1933
1949
1979
