9001
9011
9013
9029
9041
9103
9127
9133
9161
9173
9209
9221
9227
9241
9257
9293
9341
9349
9403
9421
9437
9439
9467
9479
9491
9497
9521
9533
9547
9551
9601
9613
9643
9661
9679
9721
9749
9769
9781
9787
9791
9803
9833
9857
9871
9883
9923
9931
9941
9967
