3203
3221
3251
3257
3271
3299
3301
3319
3343
3347
3359
3371
3373
3389
3391
3407
3433
3463
3467
3469
3511
3527
3541
3571
3583
3613
3643
