1342067958
1460985372
1698320547
1932657804
2456793801
2607189354
2741096358
2854017936
3091852764
3290714658
3415627908
3427619580
3467591820
3476085921
3610492578
3906287154
4035197628
4035697281
4293018576
4518362079
4592810376
4613795802
4639278105
4678251039
4913587602
4935072681
5126439780
5127439086
5178403692
5469201738
5497182306
6051297483
6147230859
6178209345
6510978243
6705842913
6890714523
7280943516
7306425819
7354892160
7410853296
7469812350
8071394562
8419652703
8453629107
8491602735
8906314725
9021734568
9036724158
9102678354
9546370218
9683275140
9870145362
