1749863250
1827634950
2916438750
3281965740
4728519360
5918426370
8749316250
